// Jest Snapshot v1, https://goo.gl/fbAQLP

exports[`renders correctly 1`] = `
<div
  className="section-a grid-container"
>
  <div
    className="grid-item grid-item-one"
  >
    <h2>
      item
    </h2>
    <p>
      Sed ut perspiciatis unde omnis iste natus error sit voluptatem accusantium doloremque laudantium, totam rem aperiam, eaque ipsa quae ab illo inventore veritatis et quasi architecto beatae vitae dicta sunt explicabo.
    </p>
  </div>
  <div
    className="grid-item grid-item-two"
  >
    <h2>
      item
    </h2>
    <p>
      Sed ut perspiciatis unde omnis iste natus error sit voluptatem accusantium doloremque laudantium, totam rem aperiam, eaque ipsa quae ab illo inventore veritatis et quasi architecto beatae vitae dicta sunt explicabo.
    </p>
  </div>
  <div
    className="grid-item grid-item-three"
  >
    <h2>
      item
    </h2>
    <p>
      Sed ut perspiciatis unde omnis iste natus error sit voluptatem accusantium doloremque laudantium, totam rem aperiam, eaque ipsa quae ab illo inventore veritatis et quasi architecto beatae vitae dicta sunt explicabo.
    </p>
  </div>
</div>
`;
